{
  _type: 'dynamic',
  tags: null,
  links: null,
  variant: 'diagram',
  _stage: 'layouted',
  sourcePath: 'docs/architecture/likec4/quotid.c4',
  description: {
    txt: 'Message-level sequence with responses, rendered as UML.',
  },
  title: 'Nightly Journaling Call — Sequence',
  id: 'callSequence',
  autoLayout: {
    direction: 'LR',
  },
  hash: 'l56s1YL6qkHuKHOZBBjI4gRP53KtC8Ypif29DOaMJ24',
  sequenceLayout: {
    actors: [
      {
        id: 'quotid.temporal',
        x: 0,
        y: 0,
        width: 320,
        height: 180,
        ports: [
          {
            id: 'step-01_source',
            cx: 160,
            cy: 306,
            height: 40,
            type: 'source',
            position: 'right',
          },
          {
            id: 'step-22_target',
            cx: 160,
            cy: 2178,
            height: 24,
            type: 'target',
            position: 'right',
          },
          {
            id: 'step-23_source',
            cx: 160,
            cy: 2272,
            height: 40,
            type: 'source',
            position: 'right',
          },
        ],
      },
      {
        id: 'quotid.worker',
        x: 380,
        y: 0,
        width: 320,
        height: 180,
        ports: [
          {
            id: 'step-01_target',
            cx: 160,
            cy: 306,
            height: 24,
            type: 'target',
            position: 'left',
          },
          {
            id: 'step-02_source',
            cx: 160,
            cy: 328,
            height: 40,
            type: 'source',
            position: 'right',
          },
          {
            id: 'step-03_target',
            cx: 160,
            cy: 454,
            height: 24,
            type: 'target',
            position: 'right',
          },
          {
            id: 'step-23_target',
            cx: 160,
            cy: 2272,
            height: 24,
            type: 'target',
            position: 'left',
          },
          {
            id: 'step-24_source',
            cx: 160,
            cy: 2294,
            height: 40,
            type: 'source',
            position: 'right',
          },
          {
            id: 'step-25_target',
            cx: 160,
            cy: 2403,
            height: 24,
            type: 'target',
            position: 'right',
          },
          {
            id: 'step-26_source',
            cx: 160,
            cy: 2497,
            height: 40,
            type: 'source',
            position: 'right',
          },
          {
            id: 'step-27_target',
            cx: 160,
            cy: 2606,
            height: 24,
            type: 'target',
            position: 'right',
          },
        ],
      },
      {
        id: 'quotid.pipecat',
        x: 760,
        y: 0,
        width: 327,
        height: 180,
        ports: [
          {
            id: 'step-02_target',
            cx: 164,
            cy: 328,
            height: 24,
            type: 'target',
            position: 'left',
          },
          {
            id: 'step-03_source',
            cx: 164,
            cy: 454,
            height: 40,
            type: 'source',
            position: 'left',
          },
          {
            id: 'step-04_source',
            cx: 164,
            cy: 563,
            height: 40,
            type: 'source',
            position: 'right',
          },
          {
            id: 'step-05_target',
            cx: 164,
            cy: 672,
            height: 24,
            type: 'target',
            position: 'right',
          },
          {
            id: 'step-08_target',
            cx: 164,
            cy: 897,
            height: 24,
            type: 'target',
            position: 'right',
          },
          {
            id: 'step-09_source',
            cx: 164,
            cy: 992,
            height: 40,
            type: 'source',
            position: 'right',
          },
          {
            id: 'step-10_target',
            cx: 164,
            cy: 1118,
            height: 24,
            type: 'target',
            position: 'right',
          },
          {
            id: 'step-11_source',
            cx: 164,
            cy: 1212,
            height: 40,
            type: 'source',
            position: 'right',
          },
          {
            id: 'step-12_target',
            cx: 164,
            cy: 1321,
            height: 24,
            type: 'target',
            position: 'right',
          },
          {
            id: 'step-13_source',
            cx: 164,
            cy: 1416,
            height: 40,
            type: 'source',
            position: 'right',
          },
          {
            id: 'step-14_target',
            cx: 164,
            cy: 1525,
            height: 24,
            type: 'target',
            position: 'right',
          },
          {
            id: 'step-15_source',
            cx: 164,
            cy: 1619,
            height: 40,
            type: 'source',
            position: 'right',
          },
          {
            id: 'step-16_target',
            cx: 164,
            cy: 1727,
            height: 24,
            type: 'target',
            position: 'right',
          },
          {
            id: 'step-17_source',
            cx: 164,
            cy: 1822,
            height: 40,
            type: 'source',
            position: 'right',
          },
          {
            id: 'step-20_target',
            cx: 164,
            cy: 1975,
            height: 24,
            type: 'target',
            position: 'right',
          },
          {
            id: 'step-22_source',
            cx: 164,
            cy: 2178,
            height: 40,
            type: 'source',
            position: 'left',
          },
        ],
      },
      {
        id: 'twilio',
        x: 1147,
        y: 0,
        width: 355,
        height: 180,
        ports: [
          {
            id: 'step-04_target',
            cx: 178,
            cy: 563,
            height: 24,
            type: 'target',
            position: 'left',
          },
          {
            id: 'step-05_source',
            cx: 178,
            cy: 672,
            height: 40,
            type: 'source',
            position: 'left',
          },
          {
            id: 'step-06_source',
            cx: 178,
            cy: 766,
            height: 40,
            type: 'source',
            position: 'right',
          },
          {
            id: 'step-07_target',
            cx: 178,
            cy: 875,
            height: 24,
            type: 'target',
            position: 'right',
          },
          {
            id: 'step-08_source',
            cx: 178,
            cy: 897,
            height: 40,
            type: 'source',
            position: 'left',
          },
          {
            id: 'step-09_target',
            cx: 178,
            cy: 992,
            height: 24,
            type: 'target',
            position: 'left',
          },
          {
            id: 'step-10_source',
            cx: 178,
            cy: 1118,
            height: 40,
            type: 'source',
            position: 'left',
          },
          {
            id: 'step-17_target',
            cx: 178,
            cy: 1822,
            height: 24,
            type: 'target',
            position: 'left',
          },
          {
            id: 'step-18_source',
            cx: 178,
            cy: 1844,
            height: 40,
            type: 'source',
            position: 'right',
          },
          {
            id: 'step-19_target',
            cx: 178,
            cy: 1953,
            height: 24,
            type: 'target',
            position: 'right',
          },
          {
            id: 'step-20_source',
            cx: 178,
            cy: 1975,
            height: 40,
            type: 'source',
            position: 'left',
          },
          {
            id: 'step-21_source',
            cx: 178,
            cy: 2069,
            height: 40,
            type: 'source',
            position: 'right',
          },
        ],
      },
      {
        id: 'user',
        x: 1562,
        y: 0,
        width: 320,
        height: 180,
        ports: [
          {
            id: 'step-06_target',
            cx: 160,
            cy: 766,
            height: 24,
            type: 'target',
            position: 'left',
          },
          {
            id: 'step-07_source',
            cx: 160,
            cy: 875,
            height: 40,
            type: 'source',
            position: 'left',
          },
          {
            id: 'step-18_target',
            cx: 160,
            cy: 1844,
            height: 24,
            type: 'target',
            position: 'left',
          },
          {
            id: 'step-19_source',
            cx: 160,
            cy: 1953,
            height: 40,
            type: 'source',
            position: 'left',
          },
        ],
      },
      {
        id: 'deepgram',
        x: 1942,
        y: 0,
        width: 320,
        height: 180,
        ports: [
          {
            id: 'step-11_target',
            cx: 160,
            cy: 1212,
            height: 24,
            type: 'target',
            position: 'left',
          },
          {
            id: 'step-12_source',
            cx: 160,
            cy: 1321,
            height: 40,
            type: 'source',
            position: 'left',
          },
        ],
      },
      {
        id: 'openrouter',
        x: 2322,
        y: 0,
        width: 320,
        height: 180,
        ports: [
          {
            id: 'step-13_target',
            cx: 160,
            cy: 1416,
            height: 24,
            type: 'target',
            position: 'left',
          },
          {
            id: 'step-14_source',
            cx: 160,
            cy: 1525,
            height: 40,
            type: 'source',
            position: 'left',
          },
          {
            id: 'step-24_target',
            cx: 160,
            cy: 2294,
            height: 24,
            type: 'target',
            position: 'left',
          },
          {
            id: 'step-25_source',
            cx: 160,
            cy: 2403,
            height: 40,
            type: 'source',
            position: 'left',
          },
        ],
      },
      {
        id: 'cartesia',
        x: 2702,
        y: 0,
        width: 320,
        height: 180,
        ports: [
          {
            id: 'step-15_target',
            cx: 160,
            cy: 1619,
            height: 24,
            type: 'target',
            position: 'left',
          },
          {
            id: 'step-16_source',
            cx: 160,
            cy: 1727,
            height: 40,
            type: 'source',
            position: 'left',
          },
        ],
      },
      {
        id: 'quotid.web',
        x: 3082,
        y: 0,
        width: 320,
        height: 180,
        ports: [
          {
            id: 'step-21_target',
            cx: 160,
            cy: 2069,
            height: 24,
            type: 'target',
            position: 'left',
          },
        ],
      },
      {
        id: 'neon',
        x: 3462,
        y: 0,
        width: 320,
        height: 180,
        ports: [
          {
            id: 'step-26_target',
            cx: 160,
            cy: 2497,
            height: 24,
            type: 'target',
            position: 'left',
          },
          {
            id: 'step-27_source',
            cx: 160,
            cy: 2606,
            height: 40,
            type: 'source',
            position: 'left',
          },
        ],
      },
    ],
    compounds: [],
    steps: [
      {
        id: 'step-01',
        sourceHandle: 'step-01_source',
        targetHandle: 'step-01_target',
        labelBBox: {
          width: 289,
          height: 43,
        },
      },
      {
        id: 'step-02',
        sourceHandle: 'step-02_source',
        targetHandle: 'step-02_target',
        labelBBox: {
          width: 277,
          height: 60,
        },
      },
      {
        id: 'step-03',
        sourceHandle: 'step-03_source',
        targetHandle: 'step-03_target',
        labelBBox: {
          width: 187,
          height: 43,
        },
      },
      {
        id: 'step-04',
        sourceHandle: 'step-04_source',
        targetHandle: 'step-04_target',
        labelBBox: {
          width: 242,
          height: 43,
        },
      },
      {
        id: 'step-05',
        sourceHandle: 'step-05_source',
        targetHandle: 'step-05_target',
        labelBBox: {
          width: 93,
          height: 28,
        },
      },
      {
        id: 'step-06',
        sourceHandle: 'step-06_source',
        targetHandle: 'step-06_target',
        labelBBox: {
          width: 107,
          height: 43,
        },
      },
      {
        id: 'step-07',
        sourceHandle: 'step-07_source',
        targetHandle: 'step-07_target',
        labelBBox: {
          width: 103,
          height: 28,
        },
      },
      {
        id: 'step-08',
        sourceHandle: 'step-08_source',
        targetHandle: 'step-08_target',
        labelBBox: {
          width: 173,
          height: 29,
        },
      },
      {
        id: 'step-09',
        sourceHandle: 'step-09_source',
        targetHandle: 'step-09_target',
        labelBBox: {
          width: 230,
          height: 60,
        },
      },
      {
        id: 'step-10',
        sourceHandle: 'step-10_source',
        targetHandle: 'step-10_target',
        labelBBox: {
          width: 231,
          height: 28,
        },
      },
      {
        id: 'step-11',
        sourceHandle: 'step-11_source',
        targetHandle: 'step-11_target',
        labelBBox: {
          width: 178,
          height: 43,
        },
      },
      {
        id: 'step-12',
        sourceHandle: 'step-12_source',
        targetHandle: 'step-12_target',
        labelBBox: {
          width: 236,
          height: 29,
        },
      },
      {
        id: 'step-13',
        sourceHandle: 'step-13_source',
        targetHandle: 'step-13_target',
        labelBBox: {
          width: 250,
          height: 43,
        },
      },
      {
        id: 'step-14',
        sourceHandle: 'step-14_source',
        targetHandle: 'step-14_target',
        labelBBox: {
          width: 192,
          height: 28,
        },
      },
      {
        id: 'step-15',
        sourceHandle: 'step-15_source',
        targetHandle: 'step-15_target',
        labelBBox: {
          width: 182,
          height: 42,
        },
      },
      {
        id: 'step-16',
        sourceHandle: 'step-16_source',
        targetHandle: 'step-16_target',
        labelBBox: {
          width: 128,
          height: 29,
        },
      },
      {
        id: 'step-17',
        sourceHandle: 'step-17_source',
        targetHandle: 'step-17_target',
        labelBBox: {
          width: 192,
          height: 43,
        },
      },
      {
        id: 'step-18',
        sourceHandle: 'step-18_source',
        targetHandle: 'step-18_target',
        labelBBox: {
          width: 154,
          height: 43,
        },
      },
      {
        id: 'step-19',
        sourceHandle: 'step-19_source',
        targetHandle: 'step-19_target',
        labelBBox: {
          width: 97,
          height: 28,
        },
      },
      {
        id: 'step-20',
        sourceHandle: 'step-20_source',
        targetHandle: 'step-20_target',
        labelBBox: {
          width: 118,
          height: 28,
        },
      },
      {
        id: 'step-21',
        sourceHandle: 'step-21_source',
        targetHandle: 'step-21_target',
        labelBBox: {
          width: 283,
          height: 43,
        },
      },
      {
        id: 'step-22',
        sourceHandle: 'step-22_source',
        targetHandle: 'step-22_target',
        labelBBox: {
          width: 216,
          height: 28,
        },
      },
      {
        id: 'step-23',
        sourceHandle: 'step-23_source',
        targetHandle: 'step-23_target',
        labelBBox: {
          width: 162,
          height: 43,
        },
      },
      {
        id: 'step-24',
        sourceHandle: 'step-24_source',
        targetHandle: 'step-24_target',
        labelBBox: {
          width: 255,
          height: 43,
        },
      },
      {
        id: 'step-25',
        sourceHandle: 'step-25_source',
        targetHandle: 'step-25_target',
        labelBBox: {
          width: 154,
          height: 28,
        },
      },
      {
        id: 'step-26',
        sourceHandle: 'step-26_source',
        targetHandle: 'step-26_target',
        labelBBox: {
          width: 186,
          height: 43,
        },
      },
      {
        id: 'step-27',
        sourceHandle: 'step-27_source',
        targetHandle: 'step-27_target',
        labelBBox: {
          width: 64,
          height: 28,
        },
      },
    ],
    parallelAreas: [],
    bounds: {
      x: 0,
      y: 0,
      width: 3782,
      height: 2684,
    },
  },
  bounds: {
    x: 259,
    y: -20,
    width: 2971,
    height: 2436,
  },
  nodes: [
    {
      id: 'quotid.temporal',
      parent: null,
      level: 0,
      children: [],
      inEdges: [
        'step-22',
      ],
      outEdges: [
        'step-01',
        'step-23',
      ],
      title: 'Temporal Server',
      modelRef: 'quotid.temporal',
      shape: 'rectangle',
      color: 'primary',
      style: {
        opacity: 15,
        size: 'md',
      },
      description: {
        txt: 'Workflow orchestration engine',
      },
      tags: [],
      technology: 'Go (start-dev)',
      kind: 'container',
      x: 279,
      y: 1451,
      width: 320,
      height: 180,
      labelBBox: {
        x: 57,
        y: 55,
        width: 206,
        height: 67,
      },
      navigateTo: null,
      links: null,
    },
    {
      id: 'quotid.worker',
      parent: null,
      level: 0,
      children: [],
      inEdges: [
        'step-01',
        'step-03',
        'step-23',
        'step-25',
        'step-27',
      ],
      outEdges: [
        'step-02',
        'step-24',
        'step-26',
      ],
      title: 'Temporal Worker',
      modelRef: 'quotid.worker',
      shape: 'rectangle',
      color: 'primary',
      style: {
        opacity: 15,
        size: 'md',
      },
      description: {
        txt: 'Activities: initiate_call, await_call, summarize, store_entry',
      },
      tags: [],
      technology: 'Python',
      kind: 'container',
      x: 677,
      y: 1958,
      width: 320,
      height: 180,
      labelBBox: {
        x: 48,
        y: 46,
        width: 224,
        height: 85,
      },
      navigateTo: null,
      links: null,
    },
    {
      id: 'quotid.pipecat',
      parent: null,
      level: 0,
      children: [],
      inEdges: [
        'step-02',
        'step-05',
        'step-08',
        'step-10',
        'step-12',
        'step-14',
        'step-16',
        'step-20',
      ],
      outEdges: [
        'step-03',
        'step-04',
        'step-09',
        'step-11',
        'step-13',
        'step-15',
        'step-17',
        'step-22',
      ],
      title: 'Pipecat Bot Server',
      modelRef: 'quotid.pipecat',
      shape: 'rectangle',
      color: 'primary',
      style: {
        opacity: 15,
        size: 'md',
      },
      description: {
        txt: 'Telephony bridge. REST: /calls, /calls/{sid}/twiml. WSS: /calls/{sid}/stream. Runs the STT→LLM→TTS pipeline per call.',
      },
      tags: [],
      technology: 'Python, FastAPI',
      kind: 'container',
      x: 1440,
      y: 1115,
      width: 327,
      height: 180,
      labelBBox: {
        x: 19,
        y: 37,
        width: 292,
        height: 103,
      },
      navigateTo: null,
      links: null,
    },
    {
      id: 'twilio',
      parent: null,
      level: 0,
      children: [],
      inEdges: [
        'step-04',
        'step-07',
        'step-09',
        'step-17',
        'step-19',
      ],
      outEdges: [
        'step-05',
        'step-06',
        'step-08',
        'step-10',
        'step-18',
        'step-20',
        'step-21',
      ],
      title: 'Twilio',
      modelRef: 'twilio',
      shape: 'rectangle',
      color: 'primary',
      style: {
        opacity: 15,
        size: 'md',
      },
      description: {
        txt: 'PSTN + Programmable Voice + Media Streams',
      },
      tags: [],
      kind: 'system',
      x: 2173,
      y: 1066,
      width: 355,
      height: 180,
      labelBBox: {
        x: 19,
        y: 65,
        width: 319,
        height: 47,
      },
      navigateTo: null,
      links: null,
    },
    {
      id: 'user',
      parent: null,
      level: 0,
      children: [],
      inEdges: [
        'step-06',
        'step-18',
      ],
      outEdges: [
        'step-07',
        'step-19',
      ],
      title: 'User',
      modelRef: 'user',
      shape: 'person',
      color: 'primary',
      style: {
        opacity: 15,
        size: 'md',
      },
      description: {
        txt: 'Keeps a voice-driven journal',
      },
      tags: [],
      kind: 'person',
      x: 2890,
      y: 958,
      width: 320,
      height: 180,
      labelBBox: {
        x: 63,
        y: 65,
        width: 193,
        height: 47,
      },
      navigateTo: null,
      links: null,
    },
    {
      id: 'deepgram',
      parent: null,
      level: 0,
      children: [],
      inEdges: [
        'step-11',
      ],
      outEdges: [
        'step-12',
      ],
      title: 'Deepgram',
      modelRef: 'deepgram',
      shape: 'rectangle',
      color: 'primary',
      style: {
        opacity: 15,
        size: 'md',
      },
      description: {
        txt: 'Real-time STT (Nova-3)',
      },
      tags: [],
      kind: 'system',
      x: 2152,
      y: 0,
      width: 320,
      height: 180,
      labelBBox: {
        x: 79,
        y: 65,
        width: 163,
        height: 47,
      },
      navigateTo: null,
      links: null,
    },
    {
      id: 'openrouter',
      parent: null,
      level: 0,
      children: [],
      inEdges: [
        'step-13',
        'step-24',
      ],
      outEdges: [
        'step-14',
        'step-25',
      ],
      title: 'OpenRouter',
      modelRef: 'openrouter',
      shape: 'rectangle',
      color: 'primary',
      style: {
        opacity: 15,
        size: 'md',
      },
      description: {
        txt: 'LLM routing. Claude Haiku in-call, Sonnet post-call.',
      },
      tags: [],
      kind: 'system',
      x: 2152,
      y: 1907,
      width: 320,
      height: 180,
      labelBBox: {
        x: 20,
        y: 56,
        width: 281,
        height: 65,
      },
      navigateTo: null,
      links: null,
    },
    {
      id: 'cartesia',
      parent: null,
      level: 0,
      children: [],
      inEdges: [
        'step-15',
      ],
      outEdges: [
        'step-16',
      ],
      title: 'Cartesia',
      modelRef: 'cartesia',
      shape: 'rectangle',
      color: 'primary',
      style: {
        opacity: 15,
        size: 'md',
      },
      description: {
        txt: 'Real-time TTS (Sonic)',
      },
      tags: [],
      kind: 'system',
      x: 2152,
      y: 380,
      width: 320,
      height: 180,
      labelBBox: {
        x: 84,
        y: 65,
        width: 152,
        height: 47,
      },
      navigateTo: null,
      links: null,
    },
    {
      id: 'quotid.web',
      parent: null,
      level: 0,
      children: [],
      inEdges: [
        'step-21',
      ],
      outEdges: [],
      title: 'Web App',
      modelRef: 'quotid.web',
      shape: 'browser',
      color: 'primary',
      style: {
        opacity: 15,
        size: 'md',
      },
      description: {
        txt: 'UI, Server Actions, Route Handlers (incl. Twilio status webhook)',
      },
      tags: [],
      technology: 'Next.js 16, TanStack Query',
      kind: 'webapp',
      x: 2890,
      y: 1353,
      width: 320,
      height: 180,
      labelBBox: {
        x: 23,
        y: 46,
        width: 273,
        height: 85,
      },
      navigateTo: null,
      links: null,
    },
    {
      id: 'neon',
      parent: null,
      level: 0,
      children: [],
      inEdges: [
        'step-26',
      ],
      outEdges: [
        'step-27',
      ],
      title: 'Neon Postgres',
      modelRef: 'neon',
      shape: 'storage',
      color: 'primary',
      style: {
        opacity: 15,
        size: 'md',
      },
      description: {
        txt: 'Managed Postgres — journal data',
      },
      tags: [],
      kind: 'database',
      x: 1444,
      y: 2216,
      width: 320,
      height: 180,
      labelBBox: {
        x: 46,
        y: 65,
        width: 229,
        height: 47,
      },
      navigateTo: null,
      links: null,
    },
  ],
  edges: [
    {
      id: 'step-01',
      source: 'quotid.temporal',
      target: 'quotid.worker',
      label: 'schedule fires: start JournalingWorkflow',
      points: [
        [
          320,
          1870,
        ],
        [
          437,
          1896,
        ],
        [
          597,
          1932,
        ],
        [
          717,
          1958,
        ],
      ],
      labelBBox: {
        x: 772,
        y: 1615,
        width: 273,
        height: 35,
      },
      parent: null,
      relations: [
        '17mugi4',
      ],
      color: 'gray',
      line: 'dashed',
      head: 'normal',
      tags: [],
      kind: 'grpc',
      technology: 'gRPC',
      astPath: '/steps@0',
      controlPoints: [
        {
          x: 694,
          y: 1407,
        },
      ],
      navigateTo: null,
    },
    {
      id: 'step-02',
      source: 'quotid.worker',
      target: 'quotid.pipecat',
      label: 'POST /calls { wf_id, activity_id, phone \n}',
      points: [
        [
          979,
          1906,
        ],
        [
          1005,
          1876,
        ],
        [
          1030,
          1840,
        ],
        [
          1047,
          1803,
        ],
        [
          1129,
          1614,
        ],
        [
          971,
          1499,
        ],
        [
          1107,
          1343,
        ],
        [
          1186,
          1251,
        ],
        [
          1321,
          1218,
        ],
        [
          1430,
          1207,
        ],
      ],
      labelBBox: {
        x: 1037,
        y: 1271,
        width: 261,
        height: 52,
      },
      parent: null,
      relations: [
        'ws3sbw',
      ],
      color: 'gray',
      line: 'dashed',
      head: 'normal',
      tags: [],
      kind: 'https',
      technology: 'HTTPS',
      astPath: '/steps@1',
      controlPoints: [
        {
          x: 975,
          y: 1897,
        },
        {
          x: 1004,
          y: 1647,
        },
        {
          x: 1207,
          y: 1313,
        },
      ],
      navigateTo: null,
    },
    {
      id: 'step-03',
      source: 'quotid.pipecat',
      target: 'quotid.worker',
      label: '201 Created { call_sid }',
      points: [
        [
          976,
          1898,
        ],
        [
          1116,
          1744,
        ],
        [
          1387,
          1445,
        ],
        [
          1522,
          1295,
        ],
      ],
      labelBBox: {
        x: 1108,
        y: 1487,
        width: 171,
        height: 35,
      },
      dir: 'back',
      parent: null,
      relations: [
        'od3aiw',
      ],
      color: 'gray',
      line: 'dashed',
      head: 'normal',
      tags: [],
      kind: 'grpc',
      technology: 'gRPC',
      astPath: '/steps@2',
      controlPoints: [
        {
          x: 1224,
          y: 1619,
        },
      ],
      navigateTo: null,
    },
    {
      id: 'step-04',
      source: 'quotid.pipecat',
      target: 'twilio',
      label: 'REST: calls.create(to, twiml_url)',
      points: [
        [
          1621,
          1115,
        ],
        [
          1645,
          1008,
        ],
        [
          1702,
          835,
        ],
        [
          1828,
          757,
        ],
        [
          1921,
          699,
        ],
        [
          1979,
          704,
        ],
        [
          2075,
          757,
        ],
        [
          2179,
          814,
        ],
        [
          2244,
          940,
        ],
        [
          2279,
          1029,
        ],
      ],
      labelBBox: {
        x: 1857,
        y: 685,
        width: 226,
        height: 35,
      },
      parent: null,
      relations: [
        '1irxdm3',
      ],
      color: 'gray',
      line: 'dashed',
      head: 'normal',
      tags: [],
      technology: 'REST + WSS',
      astPath: '/steps@3',
      controlPoints: [
        {
          x: 1692,
          y: 929,
        },
        {
          x: 1971,
          y: 730,
        },
        {
          x: 2236,
          y: 905,
        },
      ],
      navigateTo: null,
    },
    {
      id: 'step-05',
      source: 'twilio',
      target: 'quotid.pipecat',
      label: 'Call SID',
      points: [
        [
          1650,
          1106,
        ],
        [
          1687,
          1037,
        ],
        [
          1747,
          951,
        ],
        [
          1828,
          911,
        ],
        [
          1926,
          862,
        ],
        [
          1973,
          871,
        ],
        [
          2075,
          911,
        ],
        [
          2141,
          937,
        ],
        [
          2200,
          990,
        ],
        [
          2242,
          1038,
        ],
      ],
      labelBBox: {
        x: 1934,
        y: 859,
        width: 77,
        height: 20,
      },
      dir: 'back',
      parent: null,
      relations: [],
      color: 'gray',
      line: 'dashed',
      head: 'normal',
      tags: [],
      astPath: '/steps@4',
      controlPoints: [
        {
          x: 1729,
          y: 1002,
        },
        {
          x: 1970,
          y: 891,
        },
        {
          x: 2199,
          y: 989,
        },
      ],
      navigateTo: null,
    },
    {
      id: 'step-06',
      source: 'twilio',
      target: 'user',
      label: 'PSTN ring',
      points: [
        [
          2390,
          1038,
        ],
        [
          2433,
          996,
        ],
        [
          2489,
          949,
        ],
        [
          2550,
          927,
        ],
        [
          2667,
          884,
        ],
        [
          2710,
          896,
        ],
        [
          2830,
          927,
        ],
        [
          2854,
          933,
        ],
        [
          2878,
          943,
        ],
        [
          2901,
          953,
        ],
      ],
      labelBBox: {
        x: 2666,
        y: 871,
        width: 91,
        height: 35,
      },
      parent: null,
      relations: [
        'c8sz71',
      ],
      color: 'gray',
      line: 'dashed',
      head: 'normal',
      tags: [],
      kind: 'pstn',
      technology: 'PSTN',
      astPath: '/steps@5',
      controlPoints: [
        {
          x: 2493,
          y: 996,
        },
        {
          x: 2836,
          y: 932,
        },
        {
          x: 2874,
          y: 944,
        },
      ],
      navigateTo: null,
    },
    {
      id: 'step-07',
      source: 'user',
      target: 'twilio',
      label: 'answered',
      points: [
        [
          2500,
          1089,
        ],
        [
          2517,
          1086,
        ],
        [
          2534,
          1083,
        ],
        [
          2550,
          1081,
        ],
        [
          2663,
          1066,
        ],
        [
          2792,
          1058,
        ],
        [
          2890,
          1053,
        ],
      ],
      labelBBox: {
        x: 2669,
        y: 1039,
        width: 87,
        height: 20,
      },
      dir: 'back',
      parent: null,
      relations: [],
      color: 'gray',
      line: 'dashed',
      head: 'normal',
      tags: [],
      astPath: '/steps@6',
      controlPoints: [
        {
          x: 2528,
          y: 1109,
        },
        {
          x: 2742,
          y: 1075,
        },
      ],
      navigateTo: null,
    },
    {
      id: 'step-08',
      source: 'twilio',
      target: 'quotid.pipecat',
      label: 'GET /calls/{sid}/twiml',
      points: [
        [
          1730,
          1110,
        ],
        [
          1761,
          1091,
        ],
        [
          1794,
          1075,
        ],
        [
          1828,
          1065,
        ],
        [
          1928,
          1036,
        ],
        [
          2042,
          1049,
        ],
        [
          2135,
          1071,
        ],
      ],
      labelBBox: {
        x: 1890,
        y: 1027,
        width: 157,
        height: 21,
      },
      dir: 'back',
      parent: null,
      relations: [],
      color: 'gray',
      line: 'dashed',
      head: 'normal',
      tags: [],
      astPath: '/steps@7',
      controlPoints: [
        {
          x: 1787,
          y: 1091,
        },
        {
          x: 2005,
          y: 1063,
        },
      ],
      navigateTo: null,
    },
    {
      id: 'step-09',
      source: 'quotid.pipecat',
      target: 'twilio',
      label: '<Connect><Stream \nurl=wss://.../calls/{sid}/stream>',
      points: [
        [
          1768,
          1188,
        ],
        [
          1858,
          1178,
        ],
        [
          1973,
          1166,
        ],
        [
          2075,
          1154,
        ],
        [
          2091,
          1153,
        ],
        [
          2108,
          1151,
        ],
        [
          2125,
          1149,
        ],
      ],
      labelBBox: {
        x: 1860,
        y: 1105,
        width: 214,
        height: 52,
      },
      parent: null,
      relations: [
        '1irxdm3',
      ],
      color: 'gray',
      line: 'dashed',
      head: 'normal',
      tags: [],
      technology: 'REST + WSS',
      astPath: '/steps@8',
      controlPoints: [
        {
          x: 1879,
          y: 1187,
        },
        {
          x: 2126,
          y: 1170,
        },
      ],
      navigateTo: null,
    },
    {
      id: 'step-10',
      source: 'twilio',
      target: 'quotid.pipecat',
      label: 'WSS open /calls/{sid}/stream',
      points: [
        [
          1778,
          1247,
        ],
        [
          1868,
          1261,
        ],
        [
          1978,
          1270,
        ],
        [
          2075,
          1247,
        ],
        [
          2103,
          1240,
        ],
        [
          2131,
          1230,
        ],
        [
          2157,
          1218,
        ],
      ],
      labelBBox: {
        x: 1860,
        y: 1224,
        width: 215,
        height: 20,
      },
      dir: 'back',
      parent: null,
      relations: [],
      color: 'gray',
      line: 'dashed',
      head: 'normal',
      tags: [],
      astPath: '/steps@9',
      controlPoints: [
        {
          x: 1940,
          y: 1272,
        },
        {
          x: 2143,
          y: 1253,
        },
      ],
      navigateTo: null,
    },
    {
      id: 'step-11',
      source: 'quotid.pipecat',
      target: 'deepgram',
      label: 'stream audio chunks',
      points: [
        [
          1610,
          1115,
        ],
        [
          1626,
          880,
        ],
        [
          1680,
          258,
        ],
        [
          1828,
          127,
        ],
        [
          1912,
          53,
        ],
        [
          2039,
          46,
        ],
        [
          2142,
          56,
        ],
      ],
      labelBBox: {
        x: 1873,
        y: 11,
        width: 162,
        height: 35,
      },
      parent: null,
      relations: [
        '6vldhj',
      ],
      color: 'gray',
      line: 'dashed',
      head: 'normal',
      tags: [],
      kind: 'wss',
      technology: 'WebSocket',
      astPath: '/steps@10',
      controlPoints: null,
      navigateTo: null,
    },
    {
      id: 'step-12',
      source: 'deepgram',
      target: 'quotid.pipecat',
      label: 'final transcript (turn boundary)',
      points: [
        [
          1620,
          1105,
        ],
        [
          1651,
          900,
        ],
        [
          1729,
          440,
        ],
        [
          1828,
          319,
        ],
        [
          1840,
          305,
        ],
        [
          2016,
          223,
        ],
        [
          2152,
          161,
        ],
      ],
      labelBBox: {
        x: 1844,
        y: 170,
        width: 220,
        height: 21,
      },
      dir: 'back',
      parent: null,
      relations: [],
      color: 'gray',
      line: 'dashed',
      head: 'normal',
      tags: [],
      astPath: '/steps@11',
      controlPoints: null,
      navigateTo: null,
    },
    {
      id: 'step-13',
      source: 'quotid.pipecat',
      target: 'openrouter',
      label: 'POST /chat/completions (Haiku)',
      points: [
        [
          1660,
          1295,
        ],
        [
          1702,
          1362,
        ],
        [
          1765,
          1456,
        ],
        [
          1828,
          1531,
        ],
        [
          1945,
          1668,
        ],
        [
          2097,
          1810,
        ],
        [
          2199,
          1900,
        ],
      ],
      labelBBox: {
        x: 1837,
        y: 1489,
        width: 234,
        height: 35,
      },
      parent: null,
      relations: [
        '1du3u3j',
      ],
      color: 'gray',
      line: 'dashed',
      head: 'normal',
      tags: [],
      kind: 'https',
      technology: 'HTTPS',
      astPath: '/steps@12',
      controlPoints: null,
      navigateTo: null,
    },
    {
      id: 'step-14',
      source: 'openrouter',
      target: 'quotid.pipecat',
      label: 'assistant response text',
      points: [
        [
          1613,
          1305,
        ],
        [
          1628,
          1446,
        ],
        [
          1677,
          1700,
        ],
        [
          1828,
          1847,
        ],
        [
          1915,
          1931,
        ],
        [
          2048,
          1968,
        ],
        [
          2152,
          1984,
        ],
      ],
      labelBBox: {
        x: 1866,
        y: 1815,
        width: 176,
        height: 20,
      },
      dir: 'back',
      parent: null,
      relations: [],
      color: 'gray',
      line: 'dashed',
      head: 'normal',
      tags: [],
      astPath: '/steps@13',
      controlPoints: null,
      navigateTo: null,
    },
    {
      id: 'step-15',
      source: 'quotid.pipecat',
      target: 'cartesia',
      label: 'synthesize(response)',
      points: [
        [
          1618,
          1115,
        ],
        [
          1646,
          931,
        ],
        [
          1719,
          524,
        ],
        [
          1828,
          442,
        ],
        [
          1917,
          376,
        ],
        [
          2042,
          385,
        ],
        [
          2142,
          410,
        ],
      ],
      labelBBox: {
        x: 1871,
        y: 350,
        width: 166,
        height: 34,
      },
      parent: null,
      relations: [
        '1h85y4b',
      ],
      color: 'gray',
      line: 'dashed',
      head: 'normal',
      tags: [],
      kind: 'wss',
      technology: 'WebSocket',
      astPath: '/steps@14',
      controlPoints: null,
      navigateTo: null,
    },
    {
      id: 'step-16',
      source: 'cartesia',
      target: 'quotid.pipecat',
      label: 'PCM chunks',
      points: [
        [
          1619,
          1105,
        ],
        [
          1642,
          980,
        ],
        [
          1698,
          769,
        ],
        [
          1828,
          643,
        ],
        [
          1916,
          558,
        ],
        [
          2048,
          515,
        ],
        [
          2152,
          492,
        ],
      ],
      labelBBox: {
        x: 1898,
        y: 481,
        width: 112,
        height: 21,
      },
      dir: 'back',
      parent: null,
      relations: [],
      color: 'gray',
      line: 'dashed',
      head: 'normal',
      tags: [],
      astPath: '/steps@15',
      controlPoints: null,
      navigateTo: null,
    },
    {
      id: 'step-17',
      source: 'quotid.pipecat',
      target: 'twilio',
      label: 'outbound audio frames',
      points: [
        [
          1735,
          1295,
        ],
        [
          1765,
          1311,
        ],
        [
          1797,
          1325,
        ],
        [
          1828,
          1334,
        ],
        [
          1934,
          1362,
        ],
        [
          1972,
          1372,
        ],
        [
          2075,
          1334,
        ],
        [
          2134,
          1311,
        ],
        [
          2188,
          1267,
        ],
        [
          2230,
          1225,
        ],
      ],
      labelBBox: {
        x: 1879,
        y: 1301,
        width: 176,
        height: 35,
      },
      parent: null,
      relations: [
        '1irxdm3',
      ],
      color: 'gray',
      line: 'dashed',
      head: 'normal',
      tags: [],
      technology: 'REST + WSS',
      astPath: '/steps@16',
      controlPoints: [
        {
          x: 1790,
          y: 1323,
        },
        {
          x: 1970,
          y: 1370,
        },
        {
          x: 2187,
          y: 1307,
        },
      ],
      navigateTo: null,
    },
    {
      id: 'step-18',
      source: 'twilio',
      target: 'user',
      label: 'assistant speaks',
      points: [
        [
          2490,
          1160,
        ],
        [
          2591,
          1173,
        ],
        [
          2719,
          1179,
        ],
        [
          2830,
          1154,
        ],
        [
          2847,
          1150,
        ],
        [
          2864,
          1144,
        ],
        [
          2880,
          1138,
        ],
      ],
      labelBBox: {
        x: 2646,
        y: 1128,
        width: 138,
        height: 35,
      },
      parent: null,
      relations: [
        'c8sz71',
      ],
      color: 'gray',
      line: 'dashed',
      head: 'normal',
      tags: [],
      kind: 'pstn',
      technology: 'PSTN',
      astPath: '/steps@17',
      controlPoints: [
        {
          x: 2677,
          y: 1186,
        },
        {
          x: 2865,
          y: 1153,
        },
      ],
      navigateTo: null,
    },
    {
      id: 'step-19',
      source: 'user',
      target: 'twilio',
      label: 'hangup',
      points: [
        [
          2497,
          1221,
        ],
        [
          2515,
          1228,
        ],
        [
          2532,
          1233,
        ],
        [
          2550,
          1237,
        ],
        [
          2672,
          1263,
        ],
        [
          2713,
          1280,
        ],
        [
          2830,
          1237,
        ],
        [
          2884,
          1217,
        ],
        [
          2934,
          1176,
        ],
        [
          2973,
          1138,
        ],
      ],
      labelBBox: {
        x: 2673,
        y: 1220,
        width: 81,
        height: 20,
      },
      dir: 'back',
      parent: null,
      relations: [],
      color: 'gray',
      line: 'dashed',
      head: 'normal',
      tags: [],
      astPath: '/steps@18',
      controlPoints: [
        {
          x: 2551,
          y: 1250,
        },
        {
          x: 2610,
          y: 1262,
        },
        {
          x: 2915,
          y: 1199,
        },
      ],
      navigateTo: null,
    },
    {
      id: 'step-20',
      source: 'twilio',
      target: 'quotid.pipecat',
      label: 'WSS close',
      points: [
        [
          1675,
          1303,
        ],
        [
          1714,
          1349,
        ],
        [
          1767,
          1400,
        ],
        [
          1828,
          1425,
        ],
        [
          1930,
          1466,
        ],
        [
          1976,
          1472,
        ],
        [
          2075,
          1425,
        ],
        [
          2163,
          1382,
        ],
        [
          2229,
          1289,
        ],
        [
          2268,
          1218,
        ],
      ],
      labelBBox: {
        x: 1918,
        y: 1403,
        width: 102,
        height: 20,
      },
      dir: 'back',
      parent: null,
      relations: [],
      color: 'gray',
      line: 'dashed',
      head: 'normal',
      tags: [],
      astPath: '/steps@19',
      controlPoints: [
        {
          x: 1749,
          y: 1375,
        },
        {
          x: 1969,
          y: 1470,
        },
        {
          x: 2220,
          y: 1354,
        },
      ],
      navigateTo: null,
    },
    {
      id: 'step-21',
      source: 'twilio',
      target: 'quotid.web',
      label: 'POST /api/webhooks/twilio/call-status \n(watchdog)',
      points: [
        [
          2395,
          1218,
        ],
        [
          2437,
          1260,
        ],
        [
          2492,
          1306,
        ],
        [
          2550,
          1336,
        ],
        [
          2653,
          1387,
        ],
        [
          2780,
          1414,
        ],
        [
          2880,
          1428,
        ],
      ],
      labelBBox: {
        x: 2583,
        y: 1311,
        width: 267,
        height: 35,
      },
      parent: null,
      relations: [],
      color: 'gray',
      line: 'dashed',
      head: 'normal',
      tags: [],
      astPath: '/steps@20',
      controlPoints: [
        {
          x: 2495,
          y: 1301,
        },
        {
          x: 2731,
          y: 1406,
        },
      ],
      navigateTo: null,
    },
    {
      id: 'step-22',
      source: 'quotid.pipecat',
      target: 'quotid.temporal',
      label: 'complete_activity(payload)',
      points: [
        [
          330,
          1811,
        ],
        [
          645,
          1766,
        ],
        [
          1296,
          1667,
        ],
        [
          1381,
          1606,
        ],
        [
          1486,
          1530,
        ],
        [
          1548,
          1388,
        ],
        [
          1578,
          1295,
        ],
      ],
      labelBBox: {
        x: 956,
        y: 1481,
        width: 200,
        height: 20,
      },
      dir: 'back',
      parent: null,
      relations: [],
      color: 'gray',
      line: 'dashed',
      head: 'normal',
      tags: [],
      astPath: '/steps@21',
      controlPoints: [
        {
          x: 1091,
          y: 1540,
        },
        {
          x: 1545,
          y: 1399,
        },
      ],
      navigateTo: null,
    },
    {
      id: 'step-23',
      source: 'quotid.temporal',
      target: 'quotid.worker',
      label: 'workflow resumes',
      points: [
        [
          242,
          1925,
        ],
        [
          280,
          1961,
        ],
        [
          328,
          1998,
        ],
        [
          380,
          2017,
        ],
        [
          487,
          2055,
        ],
        [
          616,
          2049,
        ],
        [
          716,
          2034,
        ],
      ],
      labelBBox: {
        x: 416,
        y: 1949,
        width: 146,
        height: 35,
      },
      parent: null,
      relations: [
        '17mugi4',
      ],
      color: 'gray',
      line: 'dashed',
      head: 'normal',
      tags: [],
      kind: 'grpc',
      technology: 'gRPC',
      astPath: '/steps@22',
      controlPoints: [
        {
          x: 399,
          y: 1766,
        },
        {
          x: 454,
          y: 2021,
        },
      ],
      navigateTo: null,
    },
    {
      id: 'step-24',
      source: 'quotid.worker',
      target: 'openrouter',
      label: 'summarize(transcript) via Sonnet',
      points: [
        [
          1046,
          1996,
        ],
        [
          1317,
          1996,
        ],
        [
          1865,
          1997,
        ],
        [
          2142,
          1997,
        ],
      ],
      labelBBox: {
        x: 1443,
        y: 2002,
        width: 239,
        height: 35,
      },
      parent: null,
      relations: [
        '1b6tlxy',
      ],
      color: 'gray',
      line: 'dashed',
      head: 'normal',
      tags: [],
      kind: 'https',
      technology: 'HTTPS',
      astPath: '/steps@23',
      controlPoints: [
        {
          x: 1560,
          y: 2021,
        },
      ],
      navigateTo: null,
    },
    {
      id: 'step-25',
      source: 'openrouter',
      target: 'quotid.worker',
      label: 'journal entry text',
      points: [
        [
          923,
          2095,
        ],
        [
          957,
          2180,
        ],
        [
          1018,
          2299,
        ],
        [
          1107,
          2372,
        ],
        [
          1337,
          2562,
        ],
        [
          1490,
          2597,
        ],
        [
          1768,
          2490,
        ],
        [
          1978,
          2409,
        ],
        [
          2156,
          2206,
        ],
        [
          2247,
          2087,
        ],
      ],
      labelBBox: {
        x: 1609,
        y: 2158,
        width: 138,
        height: 20,
      },
      dir: 'back',
      parent: null,
      relations: [],
      color: 'gray',
      line: 'dashed',
      head: 'normal',
      tags: [],
      astPath: '/steps@24',
      controlPoints: [
        {
          x: 1022,
          y: 2175,
        },
        {
          x: 1591,
          y: 2158,
        },
        {
          x: 2137,
          y: 2173,
        },
      ],
      navigateTo: null,
    },
    {
      id: 'step-26',
      source: 'quotid.worker',
      target: 'neon',
      label: 'INSERT journal_entry',
      points: [
        [
          1032,
          2086,
        ],
        [
          1057,
          2100,
        ],
        [
          1082,
          2113,
        ],
        [
          1107,
          2125,
        ],
        [
          1212,
          2175,
        ],
        [
          1336,
          2220,
        ],
        [
          1434,
          2253,
        ],
      ],
      labelBBox: {
        x: 1211,
        y: 2207,
        width: 170,
        height: 35,
      },
      parent: null,
      relations: [
        '16xp9ky',
      ],
      color: 'gray',
      line: 'dashed',
      head: 'normal',
      tags: [],
      kind: 'pg',
      technology: 'Postgres wire',
      astPath: '/steps@25',
      controlPoints: [
        {
          x: 1041,
          y: 2116,
        },
        {
          x: 1229,
          y: 2214,
        },
      ],
      navigateTo: null,
    },
    {
      id: 'step-27',
      source: 'neon',
      target: 'quotid.worker',
      label: 'ok',
      points: [
        [
          930,
          2095,
        ],
        [
          965,
          2166,
        ],
        [
          1024,
          2255,
        ],
        [
          1107,
          2298,
        ],
        [
          1209,
          2351,
        ],
        [
          1341,
          2351,
        ],
        [
          1443,
          2338,
        ],
      ],
      labelBBox: {
        x: 1282,
        y: 2093,
        width: 48,
        height: 20,
      },
      dir: 'back',
      parent: null,
      relations: [],
      color: 'gray',
      line: 'dashed',
      head: 'normal',
      tags: [],
      astPath: '/steps@26',
      controlPoints: [
        {
          x: 1018,
          y: 2108,
        },
        {
          x: 1431,
          y: 2113,
        },
      ],
      navigateTo: null,
    },
  ],
  _layout: 'manual',
}
